
> vite_react_shadcn_ts@0.0.0 build
> vite build

[36mvite v5.4.19 [32mbuilding for production...[36m[39m
transforming...
node.exe : Browserslist: browsers data (caniuse-lite) is 11 months old. Please run:
At C:\Program Files\nodejs\npm.ps1:29 char:3
+   & $NODE_EXE $NPM_CLI_JS $args
+   ~~~~~~~~~~~~~~~~~~~~~~~~~~~~~
    + CategoryInfo          : NotSpecified: (Browserslist: b...ld. Please run::String) [], RemoteException
    + FullyQualifiedErrorId : NativeCommandError
 
  npx update-browserslist-db@latest
  Why you should do it regularly: https://github.com/browserslist/update-db#readme
[32mΓ£ô[39m 1916 modules transformed.
[31mx[39m Build failed in 5.61s
[31merror during build:
[31msrc/pages/Analysis.tsx (9:9): "callOpenAI" is not exported by "src/services/openaiService.ts", imported by 
"src/pages/Analysis.tsx".[31m
file: [36mD:/Agentic+User/Agentic+User/src/pages/Analysis.tsx:9:9[31m
[33m
 7: import { Skeleton } from "@/components/ui/skeleton";
 8: import { ArrowLeft, FileText, Loader2, AlertTriangle, Shield, Scale, List, BookOpen } from "lucide-react";
 9: import { callOpenAI } from "@/services/openaiService";
             ^
10: import { extractPdfText } from "@/services/openaiService";
[31m
    at getRollupError (file:///D:/Agentic+User/Agentic+User/node_modules/rollup/dist/es/shared/parseAst.js:395:41)
    at error (file:///D:/Agentic+User/Agentic+User/node_modules/rollup/dist/es/shared/parseAst.js:391:42)
    at Module.error (file:///D:/Agentic+User/Agentic+User/node_modules/rollup/dist/es/shared/node-entry.js:15535:16)
    at Module.traceVariable 
(file:///D:/Agentic+User/Agentic+User/node_modules/rollup/dist/es/shared/node-entry.js:15984:29)
    at ModuleScope.findVariable 
(file:///D:/Agentic+User/Agentic+User/node_modules/rollup/dist/es/shared/node-entry.js:13770:39)
    at FunctionScope.findVariable 
(file:///D:/Agentic+User/Agentic+User/node_modules/rollup/dist/es/shared/node-entry.js:5252:38)
    at FunctionBodyScope.findVariable 
(file:///D:/Agentic+User/Agentic+User/node_modules/rollup/dist/es/shared/node-entry.js:5252:38)
    at ReturnValueScope.findVariable 
(file:///D:/Agentic+User/Agentic+User/node_modules/rollup/dist/es/shared/node-entry.js:5252:38)
    at FunctionBodyScope.findVariable 
(file:///D:/Agentic+User/Agentic+User/node_modules/rollup/dist/es/shared/node-entry.js:5252:38)
    at BlockScope.findVariable 
(file:///D:/Agentic+User/Agentic+User/node_modules/rollup/dist/es/shared/node-entry.js:5252:38)[39m
